Modules list:
-------------
main.o:
    CODE              Offs=000000  Size=0004F8  Align=00001  Fill=0000
    BSS               Offs=000000  Size=0003EA  Align=00001  Fill=0000
    ZEROPAGE          Offs=000000  Size=00000D  Align=00001  Fill=0000
    HEADER            Offs=000000  Size=000010  Align=00001  Fill=0000
    STARTUP           Offs=000000  Size=000F8B  Align=00001  Fill=0000
    VECTORS           Offs=000000  Size=000006  Align=00001  Fill=0000
    CHARS             Offs=000000  Size=002000  Align=00001  Fill=0000


Segment list:
-------------
Name                   Start     End    Size  Align
----------------------------------------------------
CHARS                 000000  001FFF  002000  00001
HEADER                000000  00000F  000010  00001
ZEROPAGE              000002  00000E  00000D  00001
BSS                   006000  0063E9  0003EA  00001
STARTUP               008000  008F8A  000F8B  00001
CODE                  008F8B  009482  0004F8  00001
VECTORS               00FFFA  00FFFF  000006  00001


Exports list by name:
---------------------
__STACKSIZE__             000300 REA    


Exports list by value:
----------------------
__STACKSIZE__             000300 REA    


Imports list:
-------------
__STACKSIZE__ ([linker generated]):
    [linker generated]        /Users/robertdodson/Documents/asy_nes/tools/cc65/cfg/nes.cfg:27

